Scraping 936 pages …
  1/936 ✓ Hotel Riu Tikida Palmeraie (3.03) 524327400 
https://riu.com/en/hotel/morocco/marrakech/clubhotel-riu-tikida-palmeraie/index.
jsp
  2/936 ✓ Le Pietri Urban Hotel - Rabat (3.38) 537707820 https://lepietri.com/
  3/936 ✓ Salon Bleu (2.55) 539935403
  4/936 ✓ Riad Karmela (3.83) 524387937 https://riadkarmela.com/
  5/936 ✓ Auberge Sahnoun (2.63) 667095376
  6/936 ✓ Le Sirocco Essaouira (2.33) 682690850
  7/936 ✓ ICF Maroc (3.3) 522221759 https://icf-maroc.com/
  8/936 ✓ Restaurant Kebdani (2.69) 680714509
  9/936 ✓ ELEC Semlali (3.3) 522872663 https://elecsemlali.com/
  10/936 ✓ Le petit beur (3.03) 537731322 https://lepetitbeur.ma/
  11/936 - Mohssin Slimanii: not Morocco, skipped
  12/936 ✓ Marjane (4.15) 802022050 https://marjane.ma/
  13/936 ✓ Ihmadi Trilobites Center (3.03) 666221593 
https://ihmaditrilobites.wordpress.com/
  14/936 ✓ 116 Agadir (3.44) 528820312 https://116.ma/
  15/936 ✓ Naranj Home Style Cuisine Marrakech (3.6) 524386805 
https://naranj.ma/
  16/936 ✓ Cabinet Vétérinaire Val Fleuri (3.38) 522252472 
https://vetvalfleuri.ma/
  17/936 ✓ Restaurant la Grillardiere (2.66) 
https://lagrillardiere.ma/nos-restaurants.html
  18/936 ✓ Made in M-Fes | Medina (2.83) 661356000
  19/936 ✓ Tawesna (2.83) 669944075 https://tablespaysannes.com/
  20/936 ✓ Bombay Marrakech (3.63) 600919304 https://bombaydar.com/
  21/936 - Aziz Kamouni: no contact details
  22/936 ✓ Riad Toubkal Ecolodge | Imlil (3.19) 661962844 
https://toubkalecolodge.com/
  23/936 ✓ Le Patio du Lac | Lalla Takerkoust (2.49) 638896428
  24/936 - Facebook: not Morocco, skipped
  25/936 ✓ Sonnenhügel Alexandré | Ouzoud (2.42) 645297040
  26/936 ✓ La Kitchenette de Thi Hue (3.44) 522261313 https://la-kitchenette.ma/
  27/936 - Broc The Kasbah: not Morocco, skipped
  28/936 ✓ The old Synagogue (3.38) 601437006 
https://the-old-synagogue.business.site/
  29/936 ✓ Restaurant AHLEN | Mediuna (1.98) 645007510
  30/936 ✓ DIALA FOOD (3.44) 539930100 https://dialafood.ma/
  31/936 ✓ L'Atelier du cheveu (2.25) 522537998
  32/936 ✓ Tarik world store-الجلابة الوزانية عند عالم طارق | Ouazzane (3.52) 
661905429 https://instagram.com/jelaba_ouazzaniya?igsh=MXdkeGtvMHVybjhlNA%3D%3D
  33/936 ✓ Adam daimi (3.38) 662721800 https://smok.com.pl/
  34/936 ✓ Hilton Tangier Al Houara Resort & Spa (3.95) 539409400 
https://hiltonhotels.com/fr_FR/maroc/hilton-tangier-al-houara-resort-and-spa
  35/936 ✓ Dream Surf Morocco (2.33) https://dreamsurfmorocco.com/
  36/936 ✓ Bazar Gourmand (2.33) 524422993
  37/936 - Facebook: not Morocco, skipped
  38/936 ✓ Parfumerie Chatér (2.19) 522449585
  39/936 ✓ About Meta | Social Technology, VR, AR, and Innovation (1.25) 
https://ai.meta.com/
  40/936 - About Meta | Social Technology, VR, AR, and Innovation: not Morocco, 
skipped
  41/936 ✓ Frutello (2.39) 611792870
  42/936 ✓ Cabinet de Cardiologie Dr. Chaoui Alae (3.38) 539702883 
https://dr-chaoui-alae.business.site/
  43/936 ✓ Mohamed Sabir (2.84) 523488020
  44/936 ✓ Librairie Préface (2.9) 522361739
  45/936 ✓ La Frite Casa | Bouznika (2.39) 707160160
  46/936 ✓ Institut IDDTL (3.03) 522473987 https://iddtl.ma/
  47/936 - Savoir Plus - Soutien Scolaire Et Langues: no contact details
  48/936 ✓ Café Zilis (2.69) 537280053
  49/936 - Yuhao Deng: no contact details
  50/936 ✓ Restaurant Café Charkaoui (3.3) 660776077 
https://google.com/search?q=cafe+snack+charkaoui&rlz=1CDGOYI_enMA818MA818&oq=caf
&aqs=chrome.1.69i57j69i59j0j69i60l2j69i61.5029j0j4&hl=fr&sourceid=chrome-mobile&
ie=UTF-8
  51/936 ✓ Conrad Rabat Arzana (3.48) 537749999 
https://hilton.com/en/hotels/rbacici-conrad-rabat-arzana
  52/936 ✓ Centre de beauté MAJOR-Elle (2.25) 667703466
  53/936 - Facebook: not Morocco, skipped
  54/936 ✓ AJIAD AUTO Services (3.3) 652200920 https://ajiadauto.com/
  55/936 ✓ Clinique Vet Casablanca - Dr. Dorhmi El Mehdi (3.3) 648596650 
https://clinique-veterinaire-casablanca.business.site/
  56/936 ✓ Rahmouni Délice Tanger (2.6) 539340034
  57/936 ✓ Union européenne au Maroc (4.15) 537579800 
https://eeas.europa.eu/delegations/morocco_fr
  58/936 = About Meta | Social Technology, VR, AR, and Innovation: duplicate of 
Biomedica-Marrakech-571873132878699
  59/936 - DoubleTree Casablanca City Center: no contact details
  60/936 ✓ Cabinet de Gynécologie Obstétrique : Docteur Kamal OSMAN (2.74) 
537729522
  61/936 - Telouet Maroc: no contact details
  62/936 ✓ Animal City Maroc (3.53) 524457273 https://animalcity.ma/
  63/936 ✓ Aromashop.ma (3.38) 537681863 https://aroma-shop.ma/
  64/936 ✓ MMI Negoce (2.5) 638675464
  65/936 ✓ PHONE HOUSE (2.39) 672395845
  66/936 ✓ Wzanivlog (2.69) https://wzani.food/
  67/936 ✓ L'artiste (3.67) 536333771 https://l-artiste.ma/
  68/936 - rti/web_rs_transport_selecting_client: no contact details
  69/936 ✓ LE PETIT KAWA (2.6) 528314146
  70/936 - Le Reflet D'mlil: not Morocco, skipped
  71/936 ✓ Electroplanet (2.6) https://electroplanet.ma/
  72/936 ✓ Garage sahara zagora (3.38) 670020059 https://garagesahara.com/
  73/936 ~ share: login_wall
  74/936 ✓ CARO Design Casablanca (2.71) 522367508
  75/936 ✓ Auto-école Aissaoui (3.44) 522482148 https://aissaouiautoecole.com/
  76/936 - Micro Deep Net Link: no contact details
  77/936 - Facebook: not Morocco, skipped
  78/936 - Adil Fahd: no contact details
  79/936 - Facebook: not Morocco, skipped
  80/936 ✓ Gastro.dr.marjzohourhaida (3.05) 523424679 
https://gastrobenimellal.ma/
  81/936 ✓ Ciné-Théâtre Lutetia (1.71) 
  82/936 ✓ Leopard Casablanca (2.96) 669060679 https://leopardcasablanca.com/
  83/936 ✓ Etçi Mehmet Steakhouse Casablanca (3.83) 628409393 
https://menu.etcimehmet.ma/
  84/936 ✓ Riad Livia Marrakech (2.36) https://riad-livia.com/
  85/936 ✓ Gray boutique hotel casablanca (3.39) 522427800 
https://grayboutiquehotel.com/fr
  86/936 ✓ Le P'ti Bistrot (2.83) 630824848
  87/936 - Facebook: no contact details
  88/936 ✓ Hotel Riu Tikida Beach (3.03) 528388484 
https://riu.com/en/hotel/morocco/agadir/hotel-riu-tikida-beach/index.jsp
  89/936 ✓ Riad Kaya & Spa (2.5) 663042036
  90/936 ✓ Cabinet de pneumologie et allergologie Dr Sara Kechnaoui (3.3) 
669570300 https://pneumologuebenimellal.ma/
  91/936 = Hotel Riu Palace Tikida Agadir: duplicate of HotelRiuTikidaBeach
  92/936 ✓ Morocco private transport (3.2) 660107015 
https://moroccoprivatetransport.com/
  93/936 - Facebook: not Morocco, skipped
  94/936 ✓ Riad Alkemia - Marrakech (2.19) https://riadalkemia.com/
  95/936 ✓ The GymFactory (2.66) https://gym-factory.com/
  96/936 - Campus vivant'e: not Morocco, skipped
  97/936 - MOhcine De: not Morocco, skipped
  98/936 ✓ Riad Azoulay (3.38) 524383729 https://riadazoulay.com/
  99/936 ✓ Clinique Riad Marshan (3.6) 661405604 https://cliniqueriadmarshan.ma/
  100/936 ✓ 212 Travel (4.18) 530431073 https://212travel.ma/
  101/936 - Facebook: no contact details
  102/936 - Takniouine Tassila: not Morocco, skipped
  103/936 ✓ riad nalan & spa (3.65) 705558126 https://riadnalan.com/
  104/936 ✓ Motel Rif | Ouazzane (3.38) 664602802 https://motelrif.com/
  105/936 - Facebook: no contact details
  106/936 ✓ CAFC - Cercle Amical Français de Casablanca (3.47) 522255005 
https://cafc.ma/
  107/936 ✓ Ecolodge La palmeraie Ouarzazate | Ouarzazat (3.47) 676666064 
https://ecolodge-palmeraie-ouarzazate.com/
  108/936 ✓ BlueSea Hotels | Palma de Mallorca (2.69) https://blueseahotels.com/
  109/936 ✓ Amal Center Marrakech (3.9) 524446896 https://amalnonprofit.org/
  110/936 ✓ Hyatt Place Taghazout Bay (4.05) 528296868 
https://hyattplacetaghazoutbay.com/
  111/936 - Facebook: not Morocco, skipped
  112/936 ✓ Hilton Garden Inn Tanger City Center (3.95) 539309500 
https://tangercitycenter.hgi.com/
  113/936 ✓ Hilton Tanger City Center (3.89) 539309700 
https://tangercitycenterhotelandresidences.hilton.com/
  114/936 ✓ Metropolitan Casablanca (3.6) 522799777 
https://metropolitancasablanca.com/
  115/936 ✓ Aventure saghrou trekking (2.76) 673181369
  116/936 - Facebook: no contact details
  117/936 ✓ Université Mohammed VI des Sciences et de la Santé - UM6SS (3.86) 
529089102 https://um6ss.ma/
  118/936 ✓ Université Internationale de Casablanca - Reconnue par l'Etat (4.05)
522367688 https://uic.ac.ma/
  119/936 - Facebook: no contact details
  120/936 ✓ Université Internationale de Rabat (4.06) 530103000 
https://uir.ac.ma/
  121/936 ✓ Khouribga annonces (3.38) 654357429 https://khouribgaannonces.com/
  122/936 ✓ Atlantic Clinic Casablanca (3.75) 522404040 
https://atlanticclinic.ma/
  123/936 ✓ Hyatt Regency Taghazout | Aourir (3.89) 528381234 
https://hyattregencytaghazout.com/
  124/936 ✓ Hilton Taghazout Bay Beach Resort & Spa | Taghazout (3.39) 528289800
https://hiltonhotels.com/fr_FR/maroc/hilton-taghazout-bay-beach-resort-and-spa
  125/936 ✓ La Perle Bleue (3.1) 661464435 https://laperlebleue-tanger.ma/
  126/936 - Windy Bay Taghazout: not Morocco, skipped
  127/936 = About Meta | Social Technology, VR, AR, and Innovation: duplicate of
Biomedica-Marrakech-571873132878699
  128/936 ✓ الكترو ميران | Smara (2.6) 622641999
  129/936 ✓ L'oliveraie D'amizmiz | Amizmiz (3.33) 650181997 
https://loliveraiedamizmiz.com/
  130/936 ✓ DoubleTree by Hilton Ben Guerir hotel & Residences (3.12) 525668810 
https://doubletree.com/benguerirhotelandresidences
  131/936 ✓ Aroma Tanger (2.96) 622805546
  132/936 ✓ Medical optique (2.6) 539302351
  133/936 ✓ Amiral Sports (2.96) 662738355 
https://google.com/maps/place/Amiral+sports/@35.7659785,-5.761273,195m/data=!3m2
!1e3!4b1!4m5!3m4!1s0xd0b8102bb658d95:0x4959c41eeac2c6a4!8m2!3d35.7659774!4d-5.76
07258
  134/936 ✓ Salle De Fête Malabata (2.39) 667910672
  135/936 ✓ L'Etrier de Casablanca (3.09) 522253771 https://sef2019.ma/
  136/936 ✓ Baléa (2.5) 661237307
  137/936 ✓ Lycée Français Guy de Maupassant (3.72) 522654300 
https://lfmaupassant.com/
  138/936 ✓ Crazy Park (4.05) 522290507 https://crazypark.ma/
  139/936 ✓ O'Darb (3.18) 661198544 https://odarb.ma/
  140/936 = Platinia Océane: duplicate of pbtanger
  141/936 ✓ Groupe Scolaire Tazi ( Officiel ) (3.67) 522364984 
https://gstazi.com/
  142/936 ✓ Groupe Scolaire La Fourmilière (3.72) 522942277 
https://lafourmiliere.ma/
  143/936 ✓ École Trilingue Internationale (3.67) 522659770 
https://eti-valdanfa.com/
  144/936 - Facebook: not Morocco, skipped
  145/936 ✓ Le Cercle Des Pins (2.15) 663642365
  146/936 ✓ Park Hyatt Marrakech (3.75) 524441234 
https://hyatt.com/en-US/hotel/morocco/park-hyatt-marrakech/marph
  147/936 ✓ Riad belvedere (2.96) 661288809
  148/936 ✓ Hampton by Hilton Ben Guerir (3.01) 525401430 
https://hilton.com/en/hotels/rakmohx-hampton-ben-guerir
  149/936 ✓ Ambassade van België in Marokko - Ambassade de Belgique au Maroc 
(2.86) https://morocco.diplomatie.belgium.be/
  150/936 ✓ La Bibliothèque Nationale du Royaume du Maroc - BNRM - (3.24) 
537272300 https://bnrm.ma/
  151/936 ✓ HEM (4.15) 522525252 https://hem.lcieducation.com/
  152/936 ✓ Porte de Sahara Hotel Restaurant "Ouzina Morocco" (2.98) 661737692 
https://portedesahara.com/
  153/936 ✓ École Paul Cézanne Rabat (3.6) 537672637 
https://ecole-cezanne.ac.ma/
  154/936 ✓ Rick's Café Casablanca (4.09) 522274207 https://rickscafe.ma/
  155/936 ✓ ALL Accor (2.38) 
https://all.accor.com/.go?merchantid=sop-fb&sourceid=ach-2304-allcom-ALL-EN
  156/936 - Facebook: no contact details
  157/936 ✓ Riad Dar Zaman (3.6) 611266998 https://darzaman.co.uk/
  158/936 - Bonjour Chez Messaoud: not Morocco, skipped
  159/936 - Facebook: no contact details
  160/936 ✓ Cafe Des Epices (3.44) 524391770 https://cafedesepices.ma/
  161/936 ✓ Un déjeuner à Marrakech (3.83) 524378387 
https://undejeuneramarrakech.com/
  162/936 ✓ Café Arabe (3.44) 524429728 https://cafearabe.com/
  163/936 ✓ Dar Bladi (2.96) 524854350 https://darbladi-ouarzazate.com/
  164/936 ✓ Dar Daif - Maison d'hôtes Ouarzazate (3.47) 661576405 
https://dardaif.ma/
  165/936 ✓ Madariss Maria Page Officielle. (3.89) 537642706 
https://madarissmaria.ma/
  166/936 ✓ Dar infiane | Tata (3.52) 610932524 https://darinfiane.com/
  167/936 ✓ Sed Nakhla - Le Restaurant du Lac | Zinat (3.13) 666616081
  168/936 ✓ Chez Amaliya Marokko | Tafraout (3.38) 528800065 
https://chezamaliya.com/
  169/936 ✓ Hotel Diwan Casablanca (3.38) 522446514 
https://hoteldiwancasablanca.com/
  170/936 - Facebook: not Morocco, skipped
  171/936 ✓ Riad Zahra Essaouira (3.83) 661905722 https://riadzahra.com/
  172/936 - Auberge Tislite: not Morocco, skipped
  173/936 - Facebook: not Morocco, skipped
  174/936 ✓ Riad Jnane Mogador (3.38) 524426324 https://jnanemogador.com/
  175/936 ✓ Moroccan House Hotels Casablanca (2.85) 522543566 
https://moroccanhousehotels.com/
  176/936 - Facebook: not Morocco, skipped
  177/936 ✓ Casbah des arts | Ksar Agdz (3.1) 662847512 
https://casbahdesarts.com/
  178/936 - Rose Du Sable Agdz: not Morocco, skipped
  179/936 ✓ Luigi Maroc - Officiel (3.8) 522390271 https://luigi.ma/
  180/936 ✓ Krini Car (3.95) 606074074 https://krinicar.ma/
  181/936 ✓ Facebook Security (2.15) 
https://facebook.com/about/basics/how-to-keep-your-account-secure
  182/936 - Wang Lin: no contact details
  183/936 ✓ Riad Les Chtis d'Agadir (3.38) 666027962 
https://riadleschtisdagadir.com/
  184/936 ✓ CTM (3.8) 522762100 https://ctm.ma/
  185/936 ✓ Europcar Maroc (3.5) 522458080 https://europcar.ma/
  186/936 ✓ Auberge La Roche Noire | Ouarzazat (3.03) 671519962 
https://larochenoire-oasis-fint.com/
  187/936 ✓ Terrasse Des Epices Restaurant Bar (3.95) 524375904 
https://terrassedesepices.com/
  188/936 ✓ Norya Ayron Boutique ShowRoom (3.2) 661295990 
https://norya-ayron.shop/
  189/936 ✓ Le Riad Monceau (3.5) 524429646 https://riad-monceau.com/
  190/936 ✓ Location Voiture Medloc maroc (3.12) 661181389 
https://medloc-maroc.com/
  191/936 - About Meta | Social Technology, VR, AR, and Innovation: not Morocco,
skipped
  192/936 ✓ سفارة ألمانيا بالرباط / Ambassade d'Allemagne Rabat (3.8) 537218600 
https://rabat.diplo.de/
  193/936 ✓ Expert Optique (3.47) 537646160 https://expertoptique.blogspot.com/
  194/936 ✓ Hôtel Zaghro (3.38) 524854135 https://hotel-zaghro.com/
  195/936 - SKECHERS: not Morocco, skipped
  196/936 ✓ Hotel Nomad Palace | Merzouga (3.56) 662191244 
https://hotelnomadpalace.com/
  197/936 ✓ Atlantic Agdal (3.38) 537273300 https://atlanticagdal.com/
  198/936 ✓ Ouzina Rimal | Taouz (3.47) 667252110 https://ouzinarimal.com/
  199/936 - saharasalvaje.com: not Morocco, skipped
  200/936 - Douar Samra: not Morocco, skipped
  201/936 ✓ MarocHOST.com (3.38) 537741234 https://marochost.com/
  202/936 ✓ Cap Realty (3.38) 522941197 https://caprealty.ma/
  203/936 - Facebook: no contact details
  204/936 ✓ Hotel La Maison Nomade Marrakesch (2.27) https://lamaisonnomade.com/
  205/936 ✓ Riad Signature (3.3) 654506676 https://riad-signature.com/
  206/936 ✓ Riad Maia lou (3.3) 666560369 https://riadmaialou.com/
  207/936 ✓ rti/web_rs_transport_selecting_client (3.2) 537750506 
https://alminbat.ac.ma/
  208/936 ✓ Dar Yacout (3.38) 524382929 https://daryacout.com/
  209/936 ✓ Super Marche Centro (3.47) 670704054 https://centromarket.ma/
  210/936 ✓ Agence Urbaine d'Essaouira الوكالة الحضرية للصويرة (3.83) 524474037 
https://auessaouira.ma/
  211/936 ✓ Riad Maison Bleue Fez Morocco (3.6) 661393868 
https://maisonbleue.com/
  212/936 ✓ Renault (4.15) 520017017 https://renault.ma/
  213/936 - Nomad Excursions 2.0: not Morocco, skipped
  214/936 - Facebook: not Morocco, skipped
  215/936 ✓ Riad Assilah | Chefchaouene (3.3) 539883000 https://riadassilah.com/
  216/936 ✓ Dar Terrae | Chefchaouene (3.38) 539987598 https://darterrae.com/
  217/936 ✓ Genious Communications (3.15) 524298700 https://genious.net/
  218/936 ✓ Hotel Tarek (2.65) 539987330 https://hoteltarek.com/
  219/936 ✓ Kasbah Tamadot | Asni (2.47) 
https://virginlimitededition.com/kasbah-tamadot
  220/936 ✓ Ras El Maa | Chefchaouene (3.3) 539986059 https://raselmaa.com/
  221/936 ✓ Qode Interactive (1.83) https://qodeinteractive.com/
  222/936 ✓ Kasbah Café Marrakech (3.3) 524382625 
https://kasbahcafemarrakech.com/
  223/936 ✓ rti/web_rs_transport_selecting_client (2.46) https://istudiosg.com/
  224/936 - Facebook: not Morocco, skipped
  225/936 ✓ Comptoir Darna (2.95) https://comptoirmarrakech.com/
  226/936 ✓ Palais Jad Mahal Marrakech (3.86) 524436984 
https://palaisjadmahal.com/
  227/936 ✓ Theatro Marrakech (3.95) 664860339 https://linkio.it/theatro
  228/936 ✓ Es Saadi Marrakech Resort (3.86) 524337400 https://essaadi.com/
  229/936 ✓ CIH BANK (2.6) https://cihbank.ma/
  230/936 ✓ Palais Dar Donab - Marrakech (3.6) 524441897 
https://palaisdonab.com/
  231/936 ✓ Palais Gharnata (page officielle) (3.54) 524389615 
https://gharnata.com/
  232/936 ✓ Medina SPA marrakech medina (3.83) 524385059 
https://medina-spa-marrakech.com/
  233/936 - Starbucks Middle East: not Morocco, skipped
  234/936 ✓ Villa Zagora (3.38) 524846093 https://mavillaausahara.com/
  235/936 - Facebook: no contact details
  236/936 ✓ Oumassine Voyages (3.44) 536703539 https://oumassine.com/
  237/936 ✓ NAPS (3.67) 522917474 https://naps.ma/
  238/936 ✓ Auberge L'oasis (3.56) 673858411 https://aubergeoasismerzouga.com/
  239/936 - Facebook: not Morocco, skipped
  240/936 ✓ Hotel Molino Garden | Chefchaouene (3.3) 539987423 
https://molinogarden.com/
  241/936 - Riad Gharnata: not Morocco, skipped
  242/936 ✓ Casa Elias Chaouen | Chefchaouene (2.68) 668682612
  243/936 = About Meta | Social Technology, VR, AR, and Innovation: duplicate of
Biomedica-Marrakech-571873132878699
  244/936 ✓ Riad Zaitouna Chaouen | Chefchaouene (3.38) 660741823 
https://riadza.com/
  245/936 ✓ GADEM (3.44) 537770332 https://gadem-asso.org/
  246/936 ✓ Dar Wadada | Chauen (3.03) 675333363 https://darwadada.com/
  247/936 - Facebook: not Morocco, skipped
  248/936 ✓ FST Mohammedia (2.34) https://fstm.ac.ma/
  249/936 ✓ HOTEL SINDI SUD (2.6) 524443337
  250/936 ✓ Riad Slitine & Spa Marrakech (3.13) 524385810
  251/936 ✓ Dija Tours : Agence de voyages et de tourisme (3.89) 537660219 
https://dijatours.com/
  252/936 ✓ Riad Jardin Secret (2.41) https://riadjardinsecret.com/
  253/936 ✓ Dar Attajmil (3.6) 524426966 https://darattajmil.com/
  254/936 ✓ The Surf Hostel | Taghazout (3.1) 650757351 
https://taghazoutsurftrips.com/
  255/936 - Facebook: not Morocco, skipped
  256/936 ✓ Cafés Carrion - L'officiel (3.83) 801009595 
https://cafescarrion.com/
  257/936 ✓ Blue Kaouki (3.74) 667526891 https://bluekaoukihotel.com/
  258/936 ✓ Gipsy Surfer (3.89) 524783268 https://gipsy-surfer.com/
  259/936 ✓ Attijariwafa bank (3.95) 522588888 https://attijariwafabank.com/
  260/936 ✓ Maroc Assistance Internationale (2.85) 522303030 https://mai.co.ma/
  261/936 ✓ Comarev (2.83) 522233060 https://comarev.com/
  262/936 - Tufan.co: not Morocco, skipped
  263/936 - Facebook: no contact details
  264/936 ✓ الحزب الإشتراكي الموحد (3.95) 629916565 https://psu.ma/
  265/936 ✓ SEAT Maroc (2.86) https://seat.ma/
  266/936 - Facebook: not Morocco, skipped
  267/936 - Robert Haïtam Péaud: no contact details
  268/936 - Marrakech Riads: no contact details
  269/936 ✓ Salon CHRIS Coiffure & Esthétique - Marrakech. (3.44) 524431413 
https://chris.ma/
  270/936 - Facebook: not Morocco, skipped
  271/936 ✓ Oneway.oujda | Oudja (3.38) 662099424 https://onewayoujda.com/
  272/936 ✓ Les Bains D'Orient Marrakech (3.89) 524387679 
https://les-bains-dorient.com/
  273/936 ✓ Riad Armelle (2.93) 524380941 https://riadarmelle.com/
  274/936 ✓ RIAD Diyafat Bladi Oujda (1.65) https://diyafatbladi.com/
  275/936 ✓ Restaurant Al Baraka Marrakech (3.38) 524442341 
https://albaraka-marrakech.com/
  276/936 - Facebook: not Morocco, skipped
  277/936 ✓ AUTOMOBILES TINGIS (3.8) 671818406 https://avito.ma/fr/autotingis
  278/936 ✓ Riad Toyour (3.3) 641739372 https://riad-toyour.com/
  279/936 ✓ Dar Attajalli (3.38) 535637728 https://attajalli.com/
  280/936 ✓ Riad Bab Tilila (1.83) https://babtilila.com/
  281/936 - About Meta | Social Technology, VR, AR, and Innovation: not Morocco,
skipped
  282/936 ✓ Office National du Conseil Agricole المكتب الوطني للإستشارة الفلاحية
(4.06) 537776513 https://onca.gov.ma/
  283/936 - Facebook: not Morocco, skipped
  284/936 ✓ Kasbah Sirocco - Zagora - Maroc (3.38) 524846125 
https://kasbah-sirocco.com/fr
  285/936 ✓ NOMAD (3.86) 524381609 https://nomadmarrakech.com/ MAD 9.8 (med 9.8;
n=1)
  286/936 ✓ Assurances 2M SARL AU (3.38) 535464798 https://assurances2m.ma/
  287/936 ✓ Moto Merzouga (3.67) 668575340 https://motomerzouga.com/
  288/936 ✓ 18, derb el ferrane (2.33) https://le18marrakech.com/
  289/936 ✓ Domaine Villa Maroc (3.47) 661207053 https://domainevillamaroc.com/
  290/936 ✓ Mr.Bricolage Maroc (3.31) 802038080 https://mrbricolage.ma/
  291/936 - Facebook: not Morocco, skipped
  292/936 ✓ Dar Bellarj - au coeur de la Médina de Marrakech. (2.6) 
https://darbellarj-fondation.com/
  293/936 - Facebook: no contact details
  294/936 ✓ le jardin (3.44) 524378295 https://lejardinmarrakech.com/
  295/936 ✓ Dar Mhamid (3.53) 652118078 https://darmhamid.com/
  296/936 ✓ SAWADI-Ecolodge (3.47) 808633118 https://sawadi.ma/
  297/936 ✓ Groupe Scolaire Sidi Maârouf (3.6) 522583858 https://gssm.ma/
  298/936 - Facebook: not Morocco, skipped
  299/936 ✓ Fundación Acción Geoda | Madrid (2.46) https://acciongeoda.org/
  300/936 ✓ Riad des Lys (3.3) 660328243 https://riaddeslys.com/
  301/936 ✓ وزارة العدل Ministère de la justice (2.82) 537266600 
https://justice.gov.ma/
  302/936 - Ismail Mter Zagoradeserttravel: not Morocco, skipped
  303/936 - Alamaya Bridal Kuantan: not Morocco, skipped
  304/936 ✓ Maison de la Photographie (3.44) 524385721 
https://maisondelaphotographie.ma/
  305/936 ✓ Azar Marrakech (3.95) 524430920 https://azarmarrakech.com/
  306/936 ✓ Kui-Zin Medina (3.6) 653100088 https://kui-zin.com/
  307/936 - Facebook: not Morocco, skipped
  308/936 ✓ Sweet Events (2.33) 679968394
  309/936 - Facebook: not Morocco, skipped
  310/936 ✓ Lixus Beach Resort (3.89) 661931127 https://magichotels.ma/
  311/936 ✓ Majestic Tours Of Morocco (3.72) 537675724 
https://majesticmorocco.com/
  312/936 ✓ Le tarbouche Fès (2.77) 654858094
  313/936 ✓ HÔTEL LES JARDINS DE OUARZAZATE (3.38) 524854200 
https://hotel-les-jardins-de-ouarzazate.com/contact-et-reservation-2
  314/936 ✓ YOKA Sushi (3.17) 537686859 https://yokasushi.com/
  315/936 ✓ Dakhla Attitude (2.66) 
https://direct-book.com/properties/dakhlaattitudedirect?locale=en
  316/936 ✓ Riad Bouchedor (3.44) 524854968 https://riadbouchedor.com/
  317/936 ✓ INTERCOCINA SARL (3.38) 536358888 https://intercocina.com/
  318/936 ✓ CDL Cafédulivre | Gueliz (2.4) 661592565
  319/936 ✓ Château EDEN EL ROUH | Oualidia (3.68) 523366010 
https://chateau-edenelrouh.com/
  320/936 - Campercontact: not Morocco, skipped
  321/936 ✓ Palais Oumensour (3.38) 528550215 https://palaisoumensour.com/
  322/936 ✓ La Sultana Signature Hotels (3.92) 524388008 
https://lasultanamarrakech.com/
  323/936 ✓ Dar Housnia (2.54) https://dar-housnia.com/
  324/936 ✓ Adventurekeys | Taghazout (3.46) 606196196 
https://adventurekeys.com/
  325/936 ✓ Rise & Shine (3.38) 615118217 
https://instagram.com/rise.and.shine.detailin
  326/936 - Facebook: not Morocco, skipped
  327/936 ✓ Airbnb (2.15) https://airbnb.fr/
  328/936 ✓ MEZGUIDA | Rissani (1.9) https://web.facebook.com/mezguida
  329/936 ✓ TBS Education - Casablanca (3.83) 529051001 
https://tbs-education.ma/
  330/936 ✓ rti/web_rs_transport_selecting_client (3.44) 539947731 
https://latangerina.com/en/index.html
  331/936 ✓ Mossa shoes (2.6) 602133281
  332/936 ✓ Riad Les Ammonites Marrakech (2.18) https://riadlesammonites.com/
  333/936 ✓ SunyKech Adventures (2.15) 602788022
  334/936 ✓ Visit Marrakech & Region (3.95) 524433407 
https://visitmarrakech.com/
  335/936 - Facebook: not Morocco, skipped
  336/936 ✓ New Spirit Dakhla | Dakhlah (3.53) 661909841 
https://newspiritdakhla.com/
  337/936 ✓ Riad Soundouss (2.33) 525300630
  338/936 ✓ MonRiad Marrakech (3.83) 613603893 https://monriad.net/
  339/936 - Facebook: no contact details
  340/936 - Facebook: no contact details
  341/936 - Facebook: no contact details
  342/936 ✓ Groupe3Architectes (3.44) 537263502 https://groupe3architectes.com/
  343/936 ✓ Hôtel riad Marraplace (3.38) 524390550 https://marraplace.com/
  344/936 ✓ Saad Rent Cars Marrakech (3.6) 661454944 https://saadrentalcars.com/
  345/936 ✓ Sarayah Food (3.57) 539944046 https://sarayahfood.com/
  346/936 ✓ Auberge des nomades du sahara | Villa Cisneros (3.1) 761558494 
https://auberge-des-nomades-du-sahara.com/
  347/936 ✓ Ecole d'Ingénieur ES2IM (3.67) 652350505 https://es2im.ma/
  348/936 - Facebook: not Morocco, skipped
  349/936 ✓ BELDI Country Club (3.67) 524383950 https://beldicountryclub.com/
  350/936 ✓ Cocoon, Riad à Marrakech (3.83) 661286165 https://riadcocoon.com/
  351/936 ✓ Tamatert Atlas Guesthouse (3.66) 662091240 
https://trek-inmorocco.com/
  352/936 ✓ Dar Jaguar (3.74) 524445606 https://darjaguar.com/
  353/936 - Heenalu Surf: not Morocco, skipped
  354/936 ✓ Ouirgane Ecolodge | Ouirgane (3.46) 766425707 
https://ouirgane-ecolodge.com/
  355/936 ✓ Ifni Surf (2.98) 662533717 https://ifnisurf.com/
  356/936 - Facebook: not Morocco, skipped
  357/936 - Facebook: not Morocco, skipped
  358/936 ✓ Ovatheme (2.19) https://ovatheme.com/
  359/936 - Facebook: not Morocco, skipped
  360/936 - Facebook: not Morocco, skipped
  361/936 - Facebook: not Morocco, skipped
  362/936 ✓ Decathlon Maroc (2.95) https://decathlon.ma/
  363/936 ✓ Bonanza.com | Seattle WA (2.18) https://bonanza.com/
  364/936 ✓ Pikala Bikes (3.53) 612860739 https://pikalabikes.com/
  365/936 ✓ Groupe Scolaire Azhar Erriad (3.67) 707051404 https://gsae.ma/
  366/936 ✓ Sahara Sailing SARL, Aventures de Voile, Dakhla (3.5) 665050556 
https://saharasailing.com/
  367/936 ✓ Kekai Surf House | Taghazout (3.03) 637457305 
https://kekaisurfhouse.com/
  368/936 - Facebook: no contact details
  369/936 ✓ Instituto Cervantes de Tánger (3.86) 539932001 
https://tanger.cervantes.es/
  370/936 ✓ NATEA Les Massages d'Agadir (3.74) 528220220 https://natea.info/
  371/936 - Facebook: no contact details
  372/936 ✓ Riad Jona (3.83) 524427349 https://riadjona.com/
  373/936 ✓ Digital Garden (3.44) 536710005 https://digitalgarden.ma/
  374/936 ✓ Océan Vagabond Dakhla Lassarga Ecolodge | Villa Cisneros (3.67) 
671010301 https://oceanvagabond.com/dakhla-en.html
  375/936 - About Meta | Social Technology, VR, AR, and Innovation: not Morocco,
skipped
  376/936 ✓ Riad Sassa Finda (3.2) 760981550 https://riad-sassafinda.com/
  377/936 ✓ MEGARAMA (3.51) 522798888 https://megarama.ma/
  378/936 ✓ Musée de l'Art Culinaire Marocain - L'Officiel (3.39) 524427177 
https://moroccan-cam.com/
  379/936 ✓ Riad Albatoul Marrakech (2.96) 694162001 https://riad-albatoul.com/
  380/936 ✓ Dunes & Desert (3.95) 661539639 https://dunesdesert.com/
  381/936 - Hostelworld: not Morocco, skipped
  382/936 ✓ Art Naji (2.89) 661252183 https://artnaji.com/
  383/936 ✓ ChilloutSurf | Taghazout (1.9) https://chilloutsurf.com/
  384/936 ✓ Lup31 (2.0) https://lup31.com/index.php
  385/936 - La Rambla Rabat: no contact details
  386/936 - Facebook: no contact details
  387/936 ✓ Librairie Alcaraz (3.06) 539960013 https://alcaraz.ma/
  388/936 ✓ Dar Bergui | Ouarzazat (2.96) 524887727 https://darbergui.com/
  389/936 ✓ Consolato Generale d'Italia Casablanca (1.95) 
https://conscasablanca.esteri.it/consolato_casablanca/it
  390/936 ✓ Garage EIectro Wagen (2.18) https://garageelectrowagen.ma/
  391/936 ✓ HappyRolls La Glace Autrement (3.44) 693731866 
https://happyrolls.ma/
  392/936 ✓ The Ritz-Carlton Rabat, Dar Es Salam (3.31) 538080808 
https://ritzcarlton.com/en/hotels/rbarz-the-ritz-carlton-rabat-dar-es-salam/over
view
  393/936 ✓ Ambassade de Hongrie à Rabat (3.89) 537751056 
https://rabat.mfa.gov.hu/
  394/936 - Facebook: no contact details
  395/936 ✓ Explore Agadir Souss Massa (3.86) 528280808 
https://explore-agadirsoussmassa.com/
  396/936 ✓ Alain Afflelou Rabat Opticien (3.53) 660682672 
https://instagram.com/alainafflelourabat
  397/936 - Orange: not Morocco, skipped
  398/936 ✓ inwi (3.35) 529000000 https://inwi.ma/
  399/936 ✓ جماعة طانطان - Commune Tantan | Tan-Tan (2.54) 
https://communetantan.com/
  400/936 ✓ Randonnée Benslimane Chez Ayachi (3.85) 633979815 
https://chezayachi.com/
  401/936 ✓ Révostyle (2.6) 661053458
  402/936 ✓ Fikri Electromenager (2.85) 672467654 https://g.page/electrofikri
  403/936 ✓ Heberfacile.com (3.38) 522500105 https://heberfacile.com/
  404/936 ✓ Original Marrakech (3.59) 649731412 https://original-marrakech.com/
  405/936 - Facebook: no contact details
  406/936 ✓ Oberoi Hotels & Resorts (2.95) https://oberoihotels.com/
  407/936 ✓ CNDP (2.83) 537571124 https://cndp.ma/
  408/936 - Facebook: no contact details
  409/936 - Facebook: not Morocco, skipped
  410/936 ✓ مؤسسة الحياني ديكور للتأثيت بمدينة الجديدة (3.95) 601155700 
https://maps.app.goo.gl/gMnAkaCPyjo5NDPx6?g_st=ic
  411/936 - Facebook: not Morocco, skipped
  412/936 ✓ Natus Marrakech (3.95) 600059720 https://natusmarrakech.com/
  413/936 ✓ MOOJOOD -More Than Food (3.28) 537297940 https://moojood.ma/
  414/936 ✓ OSOWA (3.3) 612967241 https://instagram.com/osowa.restaurant
  415/936 - Perle Dades: not Morocco, skipped
  416/936 ✓ Bosch Home (4.06) 801000070 https://bosch-home.ma/
  417/936 ✓ Kasbah Africa | Ouirgane (3.17) 524484312 https://kasbahafrica.com/
  418/936 ✓ Le Jardin des Epices (3.41) 528854922 https://lejardindesepices.com/
  419/936 ✓ Acting Institute (3.8) 641449192 https://actinginstitute.ma/
  420/936 ✓ Europe Maroc Immobilier (3.3) 536696669 
https://europemarocimmo.com/emi/public/index.php/Accueil
  421/936 ✓ IAV "Institut Agronomique et Vétérinaire Hassan II" (2.51) 
https://iav.ac.ma/
  422/936 ✓ Timi Car Location de voitures تأجير السيارات (3.89) 677505550 
https://timicar.com/
  423/936 ✓ OLEA (3.74) 522253777 https://olea.ma/
  424/936 ✓ rti/web_rs_transport_selecting_client (3.38) 661158214 
https://creativetopo.com/
  425/936 ✓ Ferme Olea (3.28) 661816225 https://fermeolea.com/
  426/936 - Cancillería Chile | Santiago: not Morocco, skipped
  427/936 - Facebook: not Morocco, skipped
  428/936 ✓ RIAD L'EMIR MARRAKECH (3.38) 524391314 https://riademir.com/
  429/936 - Facebook: no contact details
  430/936 ✓ Riad Dar Chamaa | Ouarzazat (3.1) 524854954 https://darchamaa.com/
  431/936 - WordPress.com: not Morocco, skipped
  432/936 - Facebook: not Morocco, skipped
  433/936 - Amorino: not Morocco, skipped
  434/936 ✓ Sabrine Supermarket (2.33) https://sabrinemarket.ma/
  435/936 ✓ Zushi Marrakech (3.89) 700791717 https://linktr.ee/zushimarrakech
  436/936 ✓ Dar Amadine | Imlil (1.9) https://daramadine.com/
  437/936 ✓ Pizza parts (2.96) 522299898 https://pizza-part.com/
  438/936 ✓ Dr Ghazal Nabil Gynécologue Obstétricien د غزال نبيل أمراض النساء و 
التوليد (3.18) 535468282 https://gynecomeknes.ma/
  439/936 - Wix: not Morocco, skipped
  440/936 - Facebook: no contact details
  441/936 ✓ Riad Lune et Soleil (3.2) 535634523 https://luneetsoleil.com/
  442/936 ✓ Imibay (3.2) 666209000 https://imi-bay.com/
  443/936 - Facebook: no contact details
  444/936 ✓ Dar Daoud (3.3) 611269490 https://dar-daoud.com/
  445/936 ✓ Riad Chafia (2.89) 770090522 https://riadchafia.com/
  446/936 ✓ Suite Hôtel Casa Diamond (3.3) 522222228 
https://suitehotelcasadiamond.com/
  447/936 ✓ Riad Raoud Rayhane (2.85) 524783112 https://riadrayhane.com/
  448/936 ✓ LE KILIM | Gueliz (3.1) 524446999 https://lekilim.com/
  449/936 ✓ Institut Français Essaouira (3.9) 524476197 
https://if-maroc.org/essaouira/recevez-notre-newsletter
  450/936 ✓ Dar Awil Essaouira (1.75) https://dar-awil.com/
  451/936 ✓ Bô Passage Café & More (1.41) 
  452/936 ✓ أكاديمية المملكة المغربية Académie du Royaume du Maroc (3.53) 
537755199 https://alacademia.org.ma/
  453/936 - Facebook: not Morocco, skipped
  454/936 ✓ Archiculte (3.2) 778178323 https://archiculte.com/
  455/936 ✓ Dar Rbatia (3.09) 661183716 https://darrbatia.com/
  456/936 ✓ La Coupole Essaouira Beach (3.6) 668957786 
https://sa-menu.com/Client/Menu/37f1d43a-cc50-4862-9f76-4a97f2da26b6
  457/936 ✓ Efferv O Sens SPA (3.12) 661906335 https://eshopeffervosens.com/
  458/936 ✓ Riad Dar Habiba (2.18) https://darhabiba.com/
  459/936 ✓ Riad Parfum d'Orient (3.38) 520030200 https://riadparfumdorient.com/
  460/936 - Facebook: not Morocco, skipped
  461/936 ✓ Global Commerce sarl (3.67) 522210488 https://globalcommerce.ma/
  462/936 ✓ Rent A Car Agadir - Morocco (3.66) 661391516 
https://car-rental-agadir.com/
  463/936 ✓ Camping touristique Smara La Saguia | Smara (3.47) 662104849 
https://campingsmara.onlc.fr/
  464/936 ✓ I Ristorante Italiano (3.03) 522946100 https://iresto.ma/
  465/936 ✓ Desert Villa Merzouga | Merzouga (3.19) 669189876 
https://desertvillamerzouga.com/
  466/936 ✓ Mr. Tacos (3.83) 808645201 https://mrtacos.ma/
  467/936 ✓ Numa Marrakech (3.74) 524384664 https://numamarrakech.com/
  468/936 ✓ Riad Dar Al Assad - Maison d’Hôtes (2.41) 
https://riaddaralassad.brainstorm-studio.com/
  469/936 ✓ Ministry of Industry and Trade - وزارة الصناعة والتجارة (4.06) 
537765227 https://mcinet.gov.ma/
  470/936 ✓ Henri Moissan Rabat (3.88) 666363631 https://henrimoissan.net/
  471/936 - Facebook: no contact details
  472/936 ✓ Ambassade d'Autriche Rabat/ بالرباط النمسا سفارة (3.03) 537660654 
https://bmeia.gv.at/oeb-rabat
  473/936 ✓ Pro Surf Imsouane Villa and Yoga Camp | Aftas Imsouane (3.56) 
671757453 https://surfschoolmorocco.com/
  474/936 ✓ Jacaranda Car Location Voiture Marrakech Aeroport (3.3) 662151010 
https://jacarandacar.com/
  475/936 ✓ MLB rent a car Marrakech (3.3) 677907808 https://mlbrentacar.com/
  476/936 ✓ Majdoline travel (3.39) 618700526 https://rentacar-marrakech.com/
  477/936 ✓ SEO COM (3.38) 661661651 https://seocom.ma/
  478/936 ✓ Riad - L'Oasis d'Essaouira (3.2) 613588235 
https://riad-essaouira-oasis.com/
  479/936 ✓ Jardin Kotori | Merzouga (3.25) 639824941 https://jardinkotori.com/
  480/936 ✓ Lhostel à Casablanca (3.3) 622408007 https://lhostelacasablanca.com/
  481/936 = About Meta | Social Technology, VR, AR, and Innovation: duplicate of
Biomedica-Marrakech-571873132878699
  482/936 ✓ Nelia Marrakech, Riad Collection (3.63) 614009278 
https://riadnelia.com/
  483/936 - Romeo Couture: not Morocco, skipped
  484/936 ✓ El Reducto (3.38) 539968120 https://elreducto.com/
  485/936 ✓ Apparthotel Rania (3.29) 539341223 
https://rania-website.vercel.app/fr
  486/936 ✓ Ellipsoide (3.2) 535641436 https://ellipsoide.xyz/
  487/936 - Facebook: no contact details
  488/936 ✓ Association Jeunes pour Jeunes (3.67) 537776846 https://ajj.org.ma/
  489/936 ✓ Agachill surf house (2.84) 690693136 https://agachill.com/
  490/936 ✓ Riad Dar Yema (3.38) 669755600 https://riaddaryema.com/
  491/936 ✓ Faculté des Sciences Humaines et Sociales Kénitra (2.33) 
https://flsh.uit.ac.ma/
  492/936 ✓ Monde des Arts de la Parure - MAP (3.83) 524329332 
https://lemapmarrakech.com/
  493/936 ✓ rti/web_rs_transport_selecting_client (2.1) https://stayhere.ma/
  494/936 ✓ NO LIMITS TRAVEL DMC (3.56) 524205880 https://nolimits.ma/
  495/936 - تعاونية اسنلي: not Morocco, skipped
  496/936 ✓ Wakame (3.89) 697979730 https://linktr.ee/Wakame_official
  497/936 - Ayoub Ouahbi: not Morocco, skipped
  498/936 ✓ Instituto Cervantes de Rabat (3.95) 537708738 
https://rabat.cervantes.es/
  499/936 ✓ Riad Fes Colors & spa (3.2) 611981664 https://riadfescolors.com/
  500/936 ✓ AREF Dakhla Oued Eddahab - أكاديمية جهة الداخلة وادي الذهب (3.86) 
528931234 https://aref-do.men.gov.ma/
  501/936 ✓ Auberge Restaurant Tissili Hôtel Oasis de Fint (2.83) 653989137 
https://oasisfint.com/
  502/936 ✓ Riad Shambala (3.38) 524390438 https://riadshambala.com/
  503/936 ✓ Ecole de Jardinage Bouregreg Med-O-Med (3.74) 666291542 
https://medomed.org/
  504/936 ✓ NIYA Casablanca (2.9) 611189390
  505/936 ✓ Medina Mall Marrakech (3.89) 666152120 https://medinamall.ma/
  506/936 ✓ Oasis212 | Dakhlah (3.65) 660705123 https://oasis212.com/
  507/936 ✓ Votre table marrakech (3.3) 524441644 
https://votretablemarrakech.com/
  508/936 ✓ Sahbi Sahbi (3.67) 662682312 https://sahbisahbi.com/
  509/936 ✓ Greg Tours (1.75) https://gregtours.com/
  510/936 - Facebook: no contact details
  511/936 ✓ Wix Studio (2.51) https://wix.com/studio
  512/936 ✓ Riad Atlas Palace Marrakech (3.89) 524385757 
https://riadatlaspalace.com/
  513/936 - Facebook: no contact details
  514/936 ✓ Darkyn (3.44) 522986969 https://darkynsignature.ma/
  515/936 ✓ Policy Center for the New South (2.66) https://policycenter.ma/
  516/936 - Facebook: no contact details
  517/936 ✓ RIFAI AUTO - Location Voiture Casablanca (3.2) 663651321 
https://rifaiauto.com/
  518/936 ✓ Sketch Design Maroc (3.6) 661649830 https://sketch-design.ma/
  519/936 ✓ S4U (3.44) 537696999 https://s4u.ma/
  520/936 - Facebook: no contact details
  521/936 - Paradise E-bike Rental and Sale of Electric Bicycles: no contact 
details
  522/936 ✓ Riad Sultana Tanger (3.56) 808667838 
https://riadsultana.ma/fr/index.html
  523/936 ✓ rti/web_rs_transport_selecting_client (3.89) 662146297 
https://lacrique.ma/
  524/936 - ConMonoMaya | Chemax: no contact details
  525/936 ✓ Bavaro Beach Dakhla | Lassarga (3.74) 661241391 
https://bavarobeachdakhla.com/
  526/936 ✓ Dakhla evasion | Villa Cisneros (2.69) https://dakhla-evasion.com/
  527/936 ✓ PK25 Dakhla Hotel (3.8) 537864505 https://dakhlapk25.com/
  528/936 - rti/web_rs_transport_selecting_client: not Morocco, skipped
  529/936 ✓ Paraiso Dakhla | Villa Cisneros (3.2) 622618977 
https://paraisodakhla.com/
  530/936 ✓ Anfaplace Mall (4.15) 668194104 https://anfaplacemall.com/
  531/936 - Facebook: no contact details
  532/936 - Facebook: not Morocco, skipped
  533/936 ✓ Desert Stories. Slow travel in Morocco | Mhamid (3.83) 645020842 
https://desert-stories.com/
  534/936 ✓ Les Bains de l'Alhambra (3.13) 524386346 
https://lesbainsdelalhambra-marrakech.com/
  535/936 ✓ Mosaic Hostel Marrakech (3.38) 643072000 https://mosaickech.com/
  536/936 ✓ Diana Holding (1.84) https://dianaholding.ma/
  537/936 ✓ Sindibad Officiel (3.95) 522796862 https://parcsindibad.ma/
  538/936 ✓ ONOMO Hotels (4.15) 520001000 https://onomohotel.com/
  539/936 ✓ Bricoma (4.15) 668059286 https://bricoma.ma/
  540/936 - The CFG Bank | Baltimore MD: not Morocco, skipped
  541/936 ✓ Ecole Supérieure d'Ingénierie de la Santé et de Management de 
Projets (3.86) 659541388 https://esismp.com/
  542/936 ✓ Villa X | Tamraght Ou Fella (2.28) https://villaxmorocco.com/
  543/936 = Kasbah Beldi | Around: duplicate of BeldiCountryClub
  544/936 - EY: not Morocco, skipped
  545/936 ✓ Consulat Général du SÉNÉGAL à Casablanca - MAROC (3.53) 522390043 
https://consulsenecasa.gov.ma/
  546/936 - Facebook: no contact details
  547/936 ✓ Walili - Groupe Immobilier (2.62) 522397139
  548/936 ✓ Crédit du Maroc (3.05) 522477477 https://creditdumaroc.ma/
  549/936 ✓ Groupe Rahal (3.47) 522252513 https://grouperahal.ma/
  550/936 - Discover ASR: not Morocco, skipped
  551/936 ✓ Groupe Akdital - مجموعة أكديطال (3.95) 522231414 https://akdital.ma/
  552/936 ✓ Fondation du Roi Abdul-Aziz Al-Saoud, Casablanca (3.5) 522391027 
https://fondation.org.ma/
  553/936 ✓ Casablanca City (2.24) https://casablancacity.ma/
  554/936 ✓ Dar megdaz/دار مݣذاز (3.62) 667983588 
https://booking.com/hotel/ma/dar-megdaz.ar.html
  555/936 - Pestana Hotels & Resorts: not Morocco, skipped
  556/936 ✓ British Language Academy (3.49) 522227371 
https://british-academy.com/
  557/936 ✓ Softgroup (3.38) 522399400 https://softgroupimmobilier.com/
  558/936 ✓ Barceló Hotels & Resorts (2.6) https://brclo.com/BarceloHR
  559/936 ✓ Olia olive oil (3.86) 610325135 https://inovgreensaiss.com/
  560/936 - Facebook: not Morocco, skipped
  561/936 ✓ La fontaine des épices (2.25) 707772568
  562/936 ✓ Mövenpick Hotels & Resorts (2.6) https://movenpick.com/
  563/936 ✓ MATU Assurance (3.17) 522954501 https://matu-assurance.ma/
  564/936 - Facebook: not Morocco, skipped
  565/936 ✓ Institut Jamai de la Musique et d'Art Chorégraphique Fès (2.69) 
661747223
  566/936 ✓ Bank Of Africa (3.8) 801008100 https://bankofafrica.ma/
  567/936 ✓ Campus France Maroc (3.25) 537210800 https://maroc.campusfrance.org/
  568/936 ✓ ALC Fes & ALIF: American Language Center & Arabic Language Institute
in Fez | Ville Nouvelle (3.5) 535624850 https://alcfes.org/
  569/936 ✓ 100% Mamans Tanger (3.67) 539381520 
https://linktr.ee/centpourcentmamans
  570/936 ✓ The View Agadir (3.93) 528294040 https://theviewhotels.com/
  571/936 ✓ Ecole Marocaine des Sciences de l'Ingénieur (Page Officielle) (1.85)
https://emsi.ma/
  572/936 - MAPCLUB: not Morocco, skipped
  573/936 ✓ Riad Bab 54, Marrakech (2.18) https://riadbab54.com/contact
  574/936 ✓ Cabinet médical de Tanja Balia - Dr Sofia Daad (3.2) 601709250 
https://drsofiadaad.com/
  575/936 - Facebook: no contact details
  576/936 - Facebook: not Morocco, skipped
  577/936 ✓ Planet product (3.03) 528822666 https://planet-product.com/
  578/936 - Emirates: not Morocco, skipped
  579/936 ✓ Squarespace (2.51) https://squarespace.com/
  580/936 ✓ Nomade Experience (3.44) 661437173 https://nomadexperience.com/
  581/936 ✓ Kensington Luxury Properties Morocco (3.38) 524422229 
https://kensingtonmorocco.com/
  582/936 ✓ Swell.House | Tamraght Ouzdar (1.83) https://swell.house/
  583/936 ✓ Les Bains De Marrakech (3.59) 524381428 
https://lesbainsdemarrakech.com/
  584/936 ✓ Lessane Arabi Center (3.74) 658803384 https://arabic.ma/en
  585/936 - Facebook: no contact details
  586/936 - Facebook: no contact details
  587/936 ✓ Riad de l'Orientale (3.48) 524426642 https://riadorientale.com/
  588/936 - Facebook: not Morocco, skipped
  589/936 - Facebook: not Morocco, skipped
  590/936 - Facebook: no contact details
  591/936 - Facebook: no contact details
  592/936 ✓ Lili & Oli (3.3) 667979185 https://linktr.ee/liliandoli
  593/936 ✓ Morocco Best Trips (3.56) 698466469 https://moroccobesttrips.com/
  594/936 ✓ KSAR Sultan DADES (3.39) 524830101 https://ksar-sultan-dades.com/
  595/936 ✓ AZUL BERG (3.52) 708200967 https://azulberg.com/
  596/936 ✓ Dar Jnan Tiouira Dades | Boulmane (3.03) 667351860 
https://darjnantiouira.com/
  597/936 - Facebook: no contact details
  598/936 - Facebook: not Morocco, skipped
  599/936 ✓ Riad Atlas Imlil | Asni (3.19) 667212912 https://riadatlasimlil.com/
  600/936 ✓ Amandine Marrakech (2.3) https://amandinemarrakech.com/
  601/936 ✓ Adventure Balloon Marrakech (3.83) 691707744 
https://adventureballoonmarrakech.com/
  602/936 ✓ Taybat.ma I طيبات (3.31) 676706162 https://taybat.ma/
  603/936 = About Meta | Social Technology, VR, AR, and Innovation: duplicate of
Biomedica-Marrakech-571873132878699
  604/936 - About Meta | Social Technology, VR, AR, and Innovation: not Morocco,
skipped
  605/936 ✓ 1112 Marrakech (3.2) 524312522 https://1112marrakech.com/
  606/936 ✓ FB Rent : Location de Voiture au Maroc (3.38) 651720810 
https://fbrent.ma/
  607/936 - Facebook: no contact details
  608/936 ✓ Buggy Trip Marrakech RAK (3.2) 707014444 
https://buggytripmarrakech.com/
  609/936 - Yakeey: not Morocco, skipped
  610/936 - Facebook: not Morocco, skipped
  611/936 ✓ Somayar (3.67) 537749960 https://somayar.ma/
  612/936 ✓ asiette.ma (3.75) 606815815 https://asiette.com/
  613/936 ✓ Auberge Tigmi Blue - Imsouane Maroc - Voyage, Surf et Océan | Aftas 
Imsouane (3.12) 665827747 https://tigmiblue.com/accueil
  614/936 - Facebook: not Morocco, skipped
  615/936 - Facebook: not Morocco, skipped
  616/936 ✓ JYSK Maroc (2.8) https://jysk.ma/
  617/936 - PUMA: not Morocco, skipped
  618/936 ✓ KITEA (3.6) 802008002 https://kitea.com/destockagekitea.html
  619/936 ✓ Marrakech Quad Action (3.29) 661317238 
https://marrakechquadaction.com/
  620/936 ✓ Printily.ma (3.65) 606787889 https://printily.ma/
  621/936 ✓ MOVO (3.3) 605577990
  622/936 ✓ Khayrparc officiel (3.95) 525614406 https://khayrparc.ma/
  623/936 - Facebook: no contact details
  624/936 ✓ Complexe Horticole d'Agadir - CHA (3.74) 666162364 
https://passerelle.chagadir.online/
  625/936 ✓ كلية اللغات والفنون والعلوم الإنسانية - القطب الجامعي أيت ملول | 
Agadair (2.4) https://flash.uiz.ac.ma/
  626/936 ✓ Faculté des Sciences Appliquées - كلية العلوم التطبيقية (2.39) 
https://fsa-am.uiz.ac.ma/
  627/936 ✓ ZG technology (3.39) 525117883 https://zgtechnology.ma/
  628/936 ✓ Riad Ilayka (3.2) 524390607 https://riadilayka.com/
  629/936 ✓ Faculte de médecine et de pharmacie d'Agadir (3.53) 528227170 
https://fmpa.uiz.ac.ma/
  630/936 ✓ Le Jardin Majorelle (3.92) 524298686 https://jardinmajorelle.com/
  631/936 ✓ Refuge Toubkal Les Mouflons (2.89) 524449767 
https://refugetoubkal.com/
  632/936 ✓ Mega Mall Rabat (3.86) 537757575 https://megamall.ma/
  633/936 ✓ Palm Plaza Marrakech (3.96) 524388700 https://hotelpalmplaza.com/
  634/936 - Facebook: not Morocco, skipped
  635/936 ✓ Faculté de Médecine et de Pharmacie de Rabat (Page officielle) 
(3.38) 537772981 https://fmp.um5.ac.ma/
  636/936 ✓ Jardin Zoologique de Rabat (4.06) 537293794 https://rabatzoo.ma/
  637/936 ✓ Lycée Lyautey (3.8) 522436900 https://lyceelyautey.org/
  638/936 ✓ Port Tanger Med Passagers (3.95) 539337155 
https://tangermed-passagers.ma/
  639/936 - Jeannedarc Rabat: no contact details
  640/936 ✓ Le Nid d'Aigle (3.89) 658458223 https://nidaigle.com/
  641/936 ✓ La Kasbah d'Ouzoud (3.38) 673111116 https://kasbahouzoud.com/
  642/936 ✓ CRASTE-LF (3.38) 537681826 https://crastelf.org.ma/
  643/936 ✓ Lagon Energy (3.66) 613037861 https://lagonenergydakhla.com/
  644/936 ✓ Théâtre Mohammed V (3.6) 537707300 https://tm5.ma/
  645/936 ✓ Institut Royal des Etudes Stratégiques, Maroc (IRES-Page officielle)
(3.38) 537718383 https://ires.ma/
  646/936 ✓ ENSAM de RABAT (2.17) https://ensam.um5.ac.ma/
  647/936 ✓ Le Studio des Arts Vivants (4.15) 522979320 https://lestudio.ma/
  648/936 ✓ مركز الدراسات والبحوث الإنسانية والاجتماعية بوجدة (3.09) 536688194 
https://biblio.cerhso.net/
  649/936 ✓ Riad ElAissi | Taroudannt (1.93) https://riadelaissi.ma/
  650/936 - Facebook: no contact details
  651/936 - Facebook: not Morocco, skipped
  652/936 - Facebook: no contact details
  653/936 ✓ Auberge Africa | Merzouga (2.92) 666738405 
https://auberge-africa.com/
  654/936 - Aswak Assalam: not Morocco, skipped
  655/936 ✓ Universiapolis - Université Internationale d'Agadir (3.8) 528230230 
https://universiapolis.ma/
  656/936 - Facebook: not Morocco, skipped
  657/936 ✓ Chaouia Briques (3.3) 674909754 https://sbbc.ma/
  658/936 ✓ Atlas Resorts Ait Ourir | Aït Ourir (2.68) 524480148 
https://atlasresorts.com/
  659/936 - Facebook: not Morocco, skipped
  660/936 ✓ Camping Aourir Morocco | Aourir (3.89) 808501653 
https://camping-aourir.com/
  661/936 ✓ Sania Plage Rentals | M'diq (2.85) 774580701 https://saniaplage.com/
  662/936 ✓ Oscar Hôtel by Atlas Studios | Ouarzazat (3.44) 524882212 
https://oscarhotelbyatlasstudios.com/
  663/936 ✓ Anima Garden (3.89) 666561776 https://anima-garden.com/
  664/936 ✓ Chada FM (3.86) 522360536 https://chadafm.net/
  665/936 ✓ Le Jardin Secret . Médina . Marrakech (4.05) 524390040 
https://lejardinsecretmarrakech.com/fr
  666/936 ✓ Hit Radio (4.15) 530330330 https://hitradio.ma/
  667/936 ✓ Jemaa El-fnaa (2.0) https://jemaael-fnaa.com/
  668/936 ✓ Fondation Mohammed VI Education (4.06) 802008090 
https://fm6education.ma/
  669/936 ✓ Faculté de Médecine Dentaire de Rabat (3.02) https://fmdrabat.ac.ma/
MAD 6212 (med 6212; n=1)
  670/936 ✓ Kasbahazalay Hotelkasbahazalay (3.1) 668663484 
https://kasbahazalay.com/
  671/936 - Facebook: no contact details
  672/936 ✓ IFA-Institut français d'Agadir (3.86) 528841313 
https://if-maroc.org/agadir
  673/936 ✓ World Monuments Fund | New York NY (2.73) https://wmf.org/
  674/936 = Musée Yves Saint Laurent Marrakech: duplicate of 
jardinmajorelleofficiel
  675/936 ✓ Riad TiTiMa (3.83) 606893010 https://riad-titima.com/
  676/936 ✓ Palais Ronsard Marrakech (3.67) 524298600 https://palaisronsard.com/
  677/936 ✓ École les Rosiers (3.38) 638965952 https://ecolelesrosiers.com/
  678/936 - Facebook: not Morocco, skipped
  679/936 - Facebook: no contact details
  680/936 ✓ Université Abdelmalek Essaâdi (3.95) 539979316 https://uae.ac.ma/
  681/936 - Riad Madu: not Morocco, skipped
  682/936 ✓ RJ Travel LLC - Travel Agency & Tour Operator | Sharjah (2.33) 
https://rjtravelagency.com/
  683/936 ✓ Aeria Mall (2.6) https://aeriamall.ma/
  684/936 ✓ ISIC - Institut Supérieur de l'Information et de la Communication de
Rabat (3.53) 537773340 https://isic.ma/
  685/936 ✓ The American School of Marrakesh (3.6) 524329860 https://asm.ac.ma/
  686/936 ✓ Terre de Traces (3.38) 661464610 https://terredetraces.com/
  687/936 ✓ Westpoint Dakhla Hotel (2.89) 537864467
  688/936 ✓ Association de surf Skhirat Plage | Skhirate (3.03) 611628051 
https://assp.world/accueil
  689/936 - Facebook: not Morocco, skipped
  690/936 ✓ Kaouki Lodge (2.33) https://kaoukilodge.com/
  691/936 ✓ 2Ciels Luxury Boutique Hotel & SPA Marrakech (3.86) 524359550 
https://2ciels.com/
  692/936 - Facebook: no contact details
  693/936 ✓ Redal (3.58) 537202080 https://redalclient.ma/
  694/936 ✓ Medi1TV (3.6) 539399800 https://medi1tv.com/
  695/936 ✓ GSU Honoré de Balzac (3.3) 537373977 https://gsu-balzac.ac.ma/
  696/936 ✓ Hotel Tanger Med | Melloussa (3.47) 539939999 
https://hoteltangermed.com/
  697/936 ✓ African Plant Nutrition Institute | Benguerir (3.46) 525073304 
https://apni.net/
  698/936 ✓ Université Privée de Marrakech - UPM | Tameslouht (3.95) 524487000 
https://upm.ac.ma/
  699/936 ✓ Hysushi Marrakech (4.09) 770707575 https://hysushi-marrakech.com/
  700/936 ✓ IKEA (4.15) 520100900 https://ikea.ma/
  701/936 ✓ OFPPT (3.95) 522634444 https://ofppt.ma/
  702/936 ✓ Desert Luxury Camp | Taous (3.25) 661107678 
https://desertluxurycamp.com/
  703/936 - desert inspiration: not Morocco, skipped
  704/936 ✓ Dfrost Almugar Surf & Yoga villa Morocco | Taghazout (3.8) 678302724
https://dfrostsurfandyoga.com/
  705/936 ✓ IE Juan Ramón Jiménez, Casablanca, Marruecos. (3.53) 522361667 
https://iejrjimenez.educacion.es/
  706/936 ✓ Groupe Scolaire d'Anfa M'Hamed Bennis "Page Officielle" (3.9) 
522360037 https://gsamb.ma/
  707/936 ✓ Elbilia International Casablanca (3.86) 522361630 
https://elbiliainternational.ma/
  708/936 ✓ British Embassy Morocco (3.8) 537633333 https://gov.uk/world/morocco
  709/936 ✓ Réseau Léon L’africain Casablanca (3.74) 627500200 
https://leonafricain.ma/
  710/936 ✓ Medersa Ben Youssef - مدرسة ابن يوسف (3.42) 524384112 
https://medersabenyoussef.ma/
  711/936 ✓ TAHADART.com (3.74) 615015460 https://tahadart.com/menu
  712/936 ✓ Hara Oasis | Ksar Agdz (2.75) 661743710 https://hara-oasis.com/
  713/936 ✓ Isadac (2.12) https://isadac.ma/acceuil
  714/936 ✓ Dar Tasnime (3.3) 524389890 https://dartasnime.com/
  715/936 ✓ Tulum Beach Resort & Spa Dakhla (3.83) 666884854 
https://tulumbeachdakhla.com/
  716/936 - Facebook: not Morocco, skipped
  717/936 - Facebook: not Morocco, skipped
  718/936 ✓ British Workshop (3.5) 661994990 https://britishworkshop.ma/
  719/936 - Facebook: no contact details
  720/936 ✓ Groupe Scolaire Charles Péguy (3.58) 608291919 
https://linktr.ee/gscp.ma
  721/936 - The Prestige Collection: not Morocco, skipped
  722/936 ✓ Fairmont La Marina Rabat-Salé (3.53) 537820800 
https://fairmont.com/fr/hotels/rabat/fairmont-la-marina-rabat-sale.html
  723/936 ✓ Institut Saint Dominique (2.96) 522941127 
https://saint-dominique.ma/
  724/936 ✓ École Maison d'Anfa (3.66) 669504998 https://ecole-maison-anfa.ma/
  725/936 ✓ École Maternelle-Primaire La Cité (3.26) 764215039 
https://ecolelacite.ma/
  726/936 ✓ Institut Agdal Casablanca (3.74) 776748347 
https://institut-agdal.ma/
  727/936 - Facebook: not Morocco, skipped
  728/936 - Facebook: no contact details
  729/936 ✓ Top Petrol (3.15) 522343920 https://top-petrol.com/
  730/936 ✓ L'Alcazar Luxury Riad (3.38) 537736906 https://lalcazar.com/
  731/936 ✓ Primos Chicken (2.81) 808508309
  732/936 - Facebook: no contact details
  733/936 = Aqua Mirage Marrakech: duplicate of LixusBeachResortALLIN
  734/936 ✓ Widiane resort | Bin el Ouidane (3.77) 523442776 
https://widiane.net/
  735/936 ✓ Oriental bay beach golf & spa | Saïdia du Kiss (1.98) 536630063
  736/936 ✓ MJCC وزارة الشباب والثقافة والتواصل (3.8) 537271521 
https://mjcc.gov.ma/
  737/936 ✓ Groupe Al Omrane - مجموعة العمران (3.51) 537569191 
https://alomrane.gov.ma/ar
  738/936 ✓ Rabat Riads (3.47) 661144899 https://rabatriads.com/
  739/936 ✓ Lycée français Descartes de Rabat, Maroc. AEFE (3.67) 537689120 
https://lycee-descartes.ac.ma/
  740/936 ✓ Université Mohammed V de Rabat (3.79) 537272755 https://um5.ac.ma/
  741/936 ✓ Casa Tramway (2.15) https://casatramwaycover.com/
  742/936 - Marathon Des Sables: not Morocco, skipped
  743/936 - Al Aoula: not Morocco, skipped
  744/936 ✓ Maroc Telecom (2.51) https://iam.ma/
  745/936 - Facebook: not Morocco, skipped
  746/936 - Marjane Market: not Morocco, skipped
  747/936 ✓ Agence de l'Oriental (3.67) 536705868 https://oriental.ma/
  748/936 ✓ Agence Nationale de l'Assurance Maladie (3.38) 537687960 
https://anam.ma/
  749/936 ✓ Akwa Group | Roches Noires (3.03) 522352290 https://akwagroup.com/
  750/936 ✓ Al Akhawayn University in Ifrane (4.15) 535862000 https://aui.ma/
  751/936 ✓ ADFM Rabat (3.53) 537706081 https://linktr.ee/adfm
  752/936 ✓ Banque Populaire (2.6) https://groupebcp.com/
  753/936 ✓ CMR - Caisse Marocaine des Retraites (3.5) 537567567 
https://cmr.gov.ma/
  754/936 ✓ CNSS - Caisse Nationale de Sécurité Sociale - Maroc (3.8) 522547054 
https://cnss.ma/
  755/936 ✓ Casa Transports (2.39) https://casatransport.ma/
  756/936 ✓ CFG Bank (3.8) 522776800 https://cfgbank.com/
  757/936 ✓ ANCFCC (2.6) 655277231 https://ancfcc.gov.ma/
  758/936 - Croissant Rouge Marocain: no contact details
  759/936 - About Meta | Social Technology, VR, AR, and Innovation: not Morocco,
skipped
  760/936 ✓ Crédit Agricole du Maroc (3.25) 537208219 https://creditagricole.ma/
  761/936 - Festival Mawazine: not Morocco, skipped
  762/936 ✓ Administration Faculté de Médecine et de Pharmacie oujda (2.17) 
https://fmpo.ump.ma/
  763/936 - Facebook: no contact details
  764/936 ✓ Faculté des Sciences et Techniques de Tanger (3.95) 539393955 
https://fstt.ac.ma/
  765/936 ✓ Marrakech Film Festival (4.15) 537572395 
https://marrakech-festival.com/
  766/936 ✓ UGTM (3.86) 537702396 https://ugtm.ma/
  767/936 ✓ الصفحة الرسمية للاتحاد المغربي للشغل (3.15) 522300118 
https://umt.ma/
  768/936 ✓ Unem.net (2.39) https://unem.net/
  769/936 ✓ Ibnou Zohr University (3.72) 528227125 https://uiz.ac.ma/
  770/936 ✓ Univ Mohammed Premier Oujda جامعة محمد الأول وجدة | Oudja (3.24) 
536500612 https://ump.ma/
  771/936 ✓ Université Moulay Ismail | Agouraï (2.75) https://umi.ac.ma/
  772/936 ✓ Wafa Assurance (3.6) 522545555 https://wafaassurance.ma/
  773/936 ✓ Ecole Hassania Des Travaux Publics (2.25) https://ehtp.ac.ma/
  774/936 - EIGSI La Rochelle | La Rochelle: not Morocco, skipped
  775/936 ✓ HEC Rabat - École des Hautes Études de Commerce (4.15) 537671276 
https://hec.ac.ma/
  776/936 ✓ ENCG Agadir (2.39) https://encga.uiz.ac.ma/
  777/936 - Facebook: no contact details
  778/936 - Facebook: no contact details
  779/936 ✓ ÉSAV Marrakech (3.86) 662683243 https://esavmarrakech.com/
  780/936 ✓ ESITH (3.9) 522234124 https://esith.ac.ma/
  781/936 ✓ Fédération Royale Marocaine De Rugby (2.34) https://frmrugby.com/
  782/936 - Diocese of Great Britain and Western Europe, Russian Orthodox Church
Abroad: not Morocco, skipped
  783/936 ✓ Успенский храм в Касабланке - Eglise orthodoxe russe à Casablanca 
(2.96) 618184545 https://orthodox.ma/
  784/936 = Воскресенский храм в Рабате - Eglise orthodoxe russe à Rabat: 
duplicate of eglise.russe.casa
  785/936 - KtbDarija.com: not Morocco, skipped
  786/936 - Facebook: no contact details
  787/936 - ESSEC Business School | Cergy: not Morocco, skipped
  788/936 ✓ Musée de Bank Al-Maghrib (3.92) 537216472 https://bkam.ma/musee
  789/936 - Facebook: not Morocco, skipped
  790/936 ✓ BOTOLAPRO INWI (2.05) 
  791/936 ✓ FAR-Maroc (2.6) https://revue.far.ma/
  792/936 - Facebook: no contact details
  793/936 ✓ AECAM Maroc (3.83) 667629850 https://aecammaroc.org/
  794/936 - Morocco Protest Watch | مرصد الاحتجاجات في المغرب: no contact 
details
  795/936 ✓ AHK Marokko (2.41) https://marokko.ahk.de/
  796/936 ✓ WTA Grand Prix Lalla Meryem (3.46) 522981266 https://uscm.ma/
  797/936 ✓ Tramway Rabat (1.65) https://tram-way.ma/fr
  798/936 ✓ Saham Bank (3.51) 522424244 https://sahambank.com/
  799/936 ✓ Fédération Royale Marocaine de Football (2.31) https://frmf.ma/
  800/936 ✓ HCP Maroc ( Page officielle ) (3.72) 537576900 https://hcp.ma/
  801/936 - Facebook: not Morocco, skipped
  802/936 ✓ Institut National des Postes et Télécommunications INPT Rabat - 
Offici (2.24) https://inpt.ac.ma/
  803/936 - Facebook: no contact details
  804/936 - La Nouvelle Tribune: not Morocco, skipped
  805/936 ✓ Lycée Paul Valéry de Meknès (3.77) 535521751 https://lpvm.org/
  806/936 - Office National de l'Electricité et de l'Eau Potable - ONEE: not 
Morocco, skipped
  807/936 ✓ المكتب الوطني للسلامة الصحية للمنتجات الغذائية Onssa (4.06) 
801003637 https://onssa.gov.ma/
  808/936 ✓ DGSN Maroc (1.61) 
  809/936 ✓ Groupe Barid Al-Maghrib (3.35) 802006060 https://poste.ma/
  810/936 ✓ Touche pas à mon enfant ماتقيش ولدي (3.86) 662282800 
https://touchepasamonenfant.org/
  811/936 ✓ Office National des Hydrocarbures et des Mines-ONHYM (1.89) 
https://onhym.com/
  812/936 ✓ Ouarzazate International Film Festival (1.83) https://oiff.info/
  813/936 ✓ Ecole Française Internationale de Casablanca - EFI Casablanca (3.67)
529151003 https://eficasablanca.org/
  814/936 = Lycée Français Léon l'Africain Rabat: duplicate of 100088961553292
  815/936 ✓ Ecole Nationale des Sciences Appliquées Al Hoceima. ENSA Al-Hoceima,
ENSAH (3.09) 539805712 https://ensah.ma/
  816/936 - الحكومة المغربية: not Morocco, skipped
  817/936 ✓ منظمة التجديد الطلابي (3.27) 662776544 https://orema.ma/
  818/936 ✓ وكالة بيت مال القدس الشريف (4.15) 537565903 https://bmaq.org/
  819/936 ✓ Agence Nationale des Ports - Maroc (2.89) 520121314 
https://anp.org.ma/
  820/936 - Facebook: not Morocco, skipped
  821/936 - Facebook: no contact details
  822/936 ✓ Tarik Éditions (1.83) https://tarikeditions.com/
  823/936 ✓ المندوبية العامة لإدارة السجون وإعادة الإدماج (2.73) 
https://dgapr.gov.ma/
  824/936 ✓ Cash Plus (4.15) 520020915 https://cashplus.ma/
  825/936 ✓ Wafacash (3.25) 522435050 
https://youtube.com/playlist?list=PLY0fViAA5akg&si=zGmhi20p_vdqaLTh
  826/936 ✓ International Festival of University Theatre of Casablanca - FITUC 
(1.83) https://fituc.ma/
  827/936 ✓ Soltana (2.59) https://soltana.ma/
  828/936 ✓ Forum d’Assilah منتدى أصيلة (2.75) https://assilah.net/
  829/936 ✓ 42 Paris | Paris (2.52) https://linktr.ee/42paris
  830/936 - Agence Nationale de la Sécurité Routière - NARSA: not Morocco, 
skipped
  831/936 - Facebook: not Morocco, skipped
  832/936 ✓ Petrom Maroc (3.59) 522310171 https://petrom.ma/
  833/936 ✓ M24 TV (3.15) 537279400 https://m24tv.ma/
  834/936 - Observatoire National De La Bonne Gouvernance Et Du Développement 
Régional: not Morocco, skipped
  835/936 ✓ Institut Gustave Flaubert (3.38) 537671119 https://ida-gf.ma/
  836/936 ✓ Université Privée de Fès (2.86) https://upf.ac.ma/
  837/936 ✓ Fédération Royale Marocaine de Judo et Arts Martiaux Assimilés - 
officiel (3.86) 522367211 https://taplink.cc/frmjama
  838/936 - Jumia Group: not Morocco, skipped
  839/936 ✓ ESCA Ecole de Management - Reconnue par l'Etat (3.83) 522209120 
https://esca.ma/
  840/936 ✓ MASEN (2.15) https://masen.ma/
  841/936 ✓ Lycée Français International d'Agadir (3.6) 528234948 
https://lyceefrancaisagadir.org/
  842/936 - Facebook: no contact details
  843/936 - مؤمنون بلا حدود: not Morocco, skipped
  844/936 ✓ Salon International de l'Edition et du Livre (SIEL) (2.52) 
https://siel.ma/
  845/936 ✓ Université Mundiapolis de Casablanca (3.95) 529013707 
https://mundiapolis.ma/
  846/936 ✓ Faculté des Sciences Juridiques, Economiques et Sociales -Casablanca
(2.75) https://fdc.ma/
  847/936 ✓ Mediaalkhbar (2.24) https://jar2019.ma/
  848/936 ✓ Faculté des Sciences Aïn Chock de Casablanca (1.98) 
https://fsac.ac.ma/
  849/936 - الطريقة الحنصالية: not Morocco, skipped
  850/936 ✓ IGA - Institut supérieur du Génie Appliqué (4.05) 522404037 
https://iga.ac.ma/inscription-f
  851/936 ✓ HESTIM Officiel (3.95) 522341723 https://hestim.ma/
  852/936 ✓ Wikimedia Morocco - ويكيميديا المغرب (1.78) 
https://linktr.ee/wiki.ma
  853/936 - Facebook: no contact details
  854/936 ✓ CAFRAD (3.74) 539322707 https://cafrad.org/
  855/936 ✓ Maroc PME (3.72) 802000005 https://marocpme.gov.ma/
  856/936 ✓ ADER (2.68) 535653478
  857/936 ✓ Centre des Techniques et Matériaux de Construction (1.83) 
https://cetemco.org/
  858/936 ✓ Agence Nationale des Eaux et Forêts - Maroc (2.04) 
https://eauxetforets.gov.ma/
  859/936 ✓ Centre National pour la Recherche Scientifique et Technique (3.5) 
537569800 https://cnrst.ma/
  860/936 ✓ RMA - Royale Marocaine d’Assurance (2.05) https://rmaassurance.com/
  861/936 ✓ Avito.ma (3.51) 520428686 https://linktr.ee/avito.ma
  862/936 ✓ Africa Morocco Link (4.15) 669221201 https://aml-ferry.com/
  863/936 ✓ BIM Stores Maroc (3.25) 669986495 https://bim.ma/
  864/936 ✓ Easydis (3.6) 524304620 https://easydis.org/
  865/936 - Wikimedians of Tamazight User Group | Montreal QC: not Morocco, 
skipped
  866/936 - Hmizate.ma: not Morocco, skipped
  867/936 ✓ Afriquia (3.8) 520100058 
https://afriquia.ma/reseau/stations-services
  868/936 ✓ Center for Cross Cultural Learning (CCCL) (3.67) 537202365 
https://cccl-morocco.com/
  869/936 ✓ Hotel Gaulois (3.38) 537723022 https://threads.com/@hotel.gaulois
  870/936 ✓ Le Centre National de Documentation du Maroc (1.21) 
https://cnd.hcp.ma/
  871/936 ✓ Morocco In Azerbaijan & Uzbekistan | Baku (2.26) 
https://diplomatie.ma/
  872/936 ✓ Immobilier med fes (2.5) 676829533
  873/936 ✓ ALSA Tanger (3.09) 539392208 https://alsa.ma/
  874/936 = ALSA Khouribga: duplicate of ALSA.Tanger.officielle
  875/936 = ALSA Marrakech: duplicate of ALSA.Tanger.officielle
  876/936 = ALSA Agadir: duplicate of ALSA.Tanger.officielle
  877/936 ✓ Casabus (4.06) 520552055 https://casabus.ma/
  878/936 ✓ Vectalia Nador - حافلات الناظور المدينة (3.8) 536335389 
https://nador.vectalia.ma/
  879/936 ✓ حافلات اسفي المدينة - Vectalia Safi (3.89) 524611805 
https://safi.vectalia.ma/
  880/936 ✓ Vitalis Transport (3.5) 700181617 
https://cbtransport.online/vitalistransport
  881/936 ✓ Foughal Bus Kénitra حافلات فوغال القنيطرة (3.24) 537371677 
https://foughalbus.ma/kenitra
  882/936 ✓ Bigdil (3.4) 524430089 https://bigdilmaroc.com/
  883/936 ✓ Association Recherche Histoire et Patrimoine de l'Oriental Marocain 
(0.93) 
  884/936 ✓ Holcim Maroc (3.31) 522524972 https://holcim.ma/fr
  885/936 ✓ Green Olive Arts (3.84) 539701529 https://greenolivearts.com/
  886/936 ✓ Michlifen Resort & Golf (3.95) 535864000 https://michlifen.com/
  887/936 ✓ Negafa Elzemrania (2.35) 661711744
  888/936 - Facebook: no contact details
  889/936 ✓ Marchica Med (3.44) 536332404 https://agencemarchica.gov.ma/
  890/936 ✓ MOROCCO FOODEX (4.0) 522305104 https://moroccofoodex.org.ma/
  891/936 ✓ Imanor (3.3) 537571948 https://imanor.gov.ma/
  892/936 ✓ Maison de l'Artisan (4.06) 537686008 https://mda.gov.ma/fr
  893/936 ✓ Office du Développement de la Coopération (3.86) 537771034 
https://odco.gov.ma/
  894/936 ✓ ONOUSC:Office National des Oeuvres Universitaires Sociales et 
Culturelles (3.24) 537683612 https://onousc.ma/
  895/936 - Facebook: not Morocco, skipped
  896/936 ✓ Institut National des Beaux Arts - INBA (3.38) 539961545 
https://inba.ma/
  897/936 ✓ مؤسسة محمد السادس للعلماء الأفارقة (3.86) 535966639 
https://fm6oa.org/
  898/936 ✓ Boubker Mazoz Cultural and Community Center (3.44) 522703106 
https://idmaj.org/
  899/936 ✓ WINXO (3.72) 522424300 https://winxo.com/
  900/936 ✓ STE marocain des carburants ziz (2.85) 522352525 https://ziz.ma/
  901/936 ✓ Cinéma Renaissance (3.5) 537722168 
https://linktr.ee/cinemarenaissance
  902/936 - Facebook: not Morocco, skipped
  903/936 ✓ Organisation mondiale de la Santé au Maroc (4.0) 537632259 
https://emro.who.int/fr/countries/mor/index.html
  904/936 - Facebook: not Morocco, skipped
  905/936 ✓ Hilton Garden Inn Casablanca Sud (3.75) 520277277 
https://hilton.com/en/hotels/casasgi-hilton-garden-inn-casablanca-sud
  906/936 ✓ Tangier Film Festival (2.46) https://tangierfilmfestival.com/
  907/936 - Tawalt: not Morocco, skipped
  908/936 ✓ Agence Marocaine de Sûreté et de Sécurité Nucléaires et 
Radiologiques (3.38) 665842468 https://amssnur.org.ma/
  909/936 ✓ Agence Urbaine d'Agadir (2.27) https://aua.ma/
  910/936 ✓ Oliveri (3.6) 522982898 https://oliveri.ma/
  911/936 ✓ TGCC Immobilier (3.59) 802000102 https://tgccimmobilier.com/
  912/936 ✓ Little Mamma (2.84) 522949902
  913/936 ✓ Dar America Casablanca (2.75) https://morocco.usembassy.gov/
  914/936 - قناة الثقافية الموريتانية | Nouakchott: not Morocco, skipped
  915/936 ✓ كلية اللغة العربية مراكش (1.89) https://flam.uca.ma/
  916/936 ✓ Ligue marocaine des professeur.e.s de français (3.67) 661729886 
https://limpf.ma/
  917/936 ✓ دار الكلمة للنشر والتوزيع (4.3) 680804682 https://daralkalema.com/
  918/936 ✓ Al Akhdar BANK (3.5) 530142222 https://alakhdarbank.ma/
  919/936 ✓ SOS Villages d'Enfants Maroc (officiel) (3.95) 522801081 
https://sos-maroc.org/
  920/936 ✓ École Supérieure des Affaires de Casablanca (3.95) 522355353 
https://esac.ma/
  921/936 ✓ Amnesty International Morocco (4.15) 537686648 
https://linktr.ee/amnestymaroc
  922/936 ✓ GREPOM/BirdLife Morocco (3.67) 537847663 https://grepom.org/
  923/936 ✓ Mabooko (1.1) https://mabooko.com/
  924/936 - Les Nuits Photographiques d'Essaouira: no contact details
  925/936 ✓ YAWK (3.38) 633736368 https://yawkteam.com/
  926/936 - Angel Thomas: not Morocco, skipped
  927/936 ✓ Adil Youri - Photographe Marrakech (3.44) 679042528 
https://adilyouri.com/
  928/936 ✓ Maghreb Nutrition | Mehdia (4.09) 629331904 
https://maghrebnutrition.ma/
  929/936 ✓ Fitness Park Maroc (2.89) https://fitnesspark.ma/
  930/936 - Facebook: not Morocco, skipped
  931/936 ✓ Festival du Livre Africain de Marrakech - FLAM (2.06) 
https://flam.ma/
  932/936 ✓ Arkital (3.65) 700383031 https://arkital.ma/
  933/936 - Facebook: not Morocco, skipped
  934/936 ✓ Palmarosa (3.74) 520586565 https://palmarosashop.com/
  935/936 ✓ Massinart.ma (3.99) 707051494 https://massinart.ma/
  936/936 ✓ AKFIX MAROC - Akkim (3.72) 537886116 https://akfix.co.ma/
Done: fetched=936 saved=707 dupes=15 thin=75 blocked=0 errors=0
Wrote 707 rows -> data/morocco.csv
